
> juece-grow@0.1.0 astro:build F:\juece-grow
> pnpm --filter astro build


> astro@0.1.0 build F:\juece-grow\apps\astro
> cross-env SITE_ID=juece astro build && pagefind --site dist

[2m21:39:06[22m [34m[types][39m Generated [2m49ms[22m
[2m21:39:06[22m [34m[build][39m output: [34m"static"[39m
[2m21:39:06[22m [34m[build][39m mode: [34m"static"[39m
[2m21:39:06[22m [34m[build][39m directory: [34mF:\juece-grow\apps\astro\dist\[39m
[2m21:39:06[22m [34m[build][39m Collecting build info...
[2m21:39:06[22m [34m[build][39m [32m✓ Completed in 82ms.[39m
[2m21:39:06[22m [34m[build][39m Building static entrypoints...
[2m21:39:08[22m [34m[vite][39m [32m✓ built in 2.22s[39m
[2m21:39:08[22m [34m[vite][39m [32m✓ built in 64ms[39m
[2m21:39:08[22m [34m[build][39m Rearranging server assets...

[42m[30m generating static routes [39m[49m
[2m21:39:11[22m   [34m├─[39m [2m/404.html[22m [2m(+13ms)[22m 
[2m21:39:11[22m   [34m├─[39m [2m/articles/wenzhang-dailai-duoshao-xiansuo-zhuang-rukou-ji-laiyuan/index.html[22m [2m(+46ms)[22m 
[2m21:39:11[22m   [34m├─[39m [2m/articles/ai-zai-gongsi-yongbuqilai-xian-zha-zhe-sanyang/index.html[22m [2m(+50ms)[22m 
[2m21:39:11[22m   [34m├─[39m [2m/articles/cong-geren-yanshi-dao-tuandui-shiyong-bu-sanyang-jiu-tong/index.html[22m [2m(+34ms)[22m 
[2m21:39:11[22m   [34m├─[39m [2m/articles/zichan-he-waixie-ge-yiban-jindu-he-chengben-dou-jin-xitong/index.html[22m [2m(+27ms)[22m 
[2m21:39:11[22m   [34m├─[39m [2m/articles/baojia-dao-huikuan-yidan-yi-jilu/index.html[22m [2m(+27ms)[22m 
[2m21:39:11[22m   [34m├─[39m [2m/features/index.html[22m [2m(+51ms)[22m 
[2m21:39:11[22m   [34m├─[39m [2m/feed.xml[22m [2m(+38ms)[22m 
[2m21:39:11[22m   [34m├─[39m [2m/pricing/index.html[22m [2m(+40ms)[22m 
[2m21:39:11[22m   [34m├─[39m [2m/privacy/index.html[22m [2m(+5ms)[22m 
[2m21:39:11[22m   [34m├─[39m [2m/robots.txt[22m [2m(+3ms)[22m 
[2m21:39:11[22m   [34m├─[39m [2m/sitemap/index.html[22m [2m(+5ms)[22m 
[2m21:39:11[22m   [34m├─[39m [2m/sitemap.xml[22m [2m(+39ms)[22m 
[2m21:39:11[22m   [34m├─[39m [2m/solutions/index.html[22m [2m(+39ms)[22m 
[2m21:39:11[22m   [34m├─[39m [2m/terms/index.html[22m [2m(+4ms)[22m 
[2m21:39:11[22m   [34m├─[39m [2m/index.html[22m [2m(+88ms)[22m 
[2m21:39:12[22m [32m✓ Completed in 3.16s.
[39m
[2m21:39:12[22m [34m[build][39m [32m✓ Completed in 5.57s.[39m
[2m21:39:12[22m [34m[build][39m 13 page(s) built in [1m5.65s[22m
[2m21:39:12[22m [34m[build][39m [1mComplete![22m

Running Pagefind v1.5.2 (Extended)
Running from: "F:\\juece-grow\\apps\\astro"
Source:       "dist"
Output:       "dist\\pagefind"

[Walking source directory]
Found 13 files matching **/*.{html}

[Parsing files]
Found a data-pagefind-body element on the site.
↳ Ignoring pages without this tag.

[Reading languages]
Discovered 1 language: zh-cn

[Building search indexes]
Total: 
  Indexed 1 language
  Indexed 13 pages
  Indexed 1246 words
  Indexed 0 filters
  Indexed 0 sorts
Note: Pagefind doesn't support stemming for the language zh-cn. 
Search will still work, but will not match across root words.
Note: Pagefind doesn't support stemming for the language zh-cn. 
Search will still work, but will not match across root words.

Finished in 0.286 seconds
build_juece_exit=0
