file:///F:/juece-grow/.aiws/tmp/astro-page-copy-cms/423-tasks-sync-p13.mjs:55
    re: /P12 `396`）。**已知口径限制/,
        ^^^^^^^^^^^^^^^^^^^^^

SyntaxError: Invalid regular expression: /P12 `396`）。**已知口径限制/: Nothing to repeat
    at compileSourceTextModule (node:internal/modules/esm/utils:318:16)
    at ModuleLoader.moduleStrategy (node:internal/modules/esm/translators:99:18)
    at #translate (node:internal/modules/esm/loader:473:20)
    at afterLoad (node:internal/modules/esm/loader:529:29)
    at ModuleLoader.loadAndTranslate (node:internal/modules/esm/loader:534:12)
    at #getOrCreateModuleJobAfterResolve (node:internal/modules/esm/loader:577:36)
    at afterResolve (node:internal/modules/esm/loader:625:52)
    at ModuleLoader.getOrCreateModuleJob (node:internal/modules/esm/loader:631:12)
    at onImport.tracePromise.__proto__ (node:internal/modules/esm/loader:650:32)
    at TracingChannel.tracePromise (node:diagnostics_channel:350:14)

Node.js v24.14.0
sync_exit=1
替换对数=9 命中=[1,1,1,1,1,1,1,1,1] 行数 前=93 后=93 3.10 长度 前=1620 后=1936 改到的行=76,92 3.10 之外改动的行数=0 引用日志编号=33（幽灵 0） sha256=7d6b9b7bf2e5c6f6
判定=PASS：3.10 与 5.2 的台账口径同步到 349 行 / 20 只 appender / 10 条移交待办
sync_exit=0
no-op：9 处口径已全部同步（旧片段命中 0、新片段齐全），本次不写盘
sync_recheck_exit=0
