台账有行且字节已归档=341
  020 20-dump-content.log
  022 22-dump-rerun.log
  024 24-build-juece.log
  025 25-build-erp.log
  026 26-build-yunque.log
  027 27-extract.log
  028 28-reextract.log
  030 30-reextract-correct-outdir.log
  032 32-verify-integrity.log
  043 43-tsc-baseline-ts7.log
  044 44-tsc-ts7-fixed.log
  048 48-append-prob-025.log
  049 49-typecheck-astro-final.log
  050 50-astro-build-p2final.log
  051 51-render-p2final.log
  060 60-tsc-cms.log
  061 61-generate-types.log
  062 62-tsc-cms-after-types.log
  063 63-coverage-check.log
  064 64-tsc-after-seo-removal.log
  065 65-generate-types-after-seo-removal.log
  066 66-tsc-after-regen.log
  067 67-coverage-after-projection.log
  068 68-render-parity-p2.log
  070 70-list-row-constraints.log
  071 71-tsc-after-minrows.log
  072 72-generate-types-after-minrows.log
  073 73-coverage-after-minrows.log
  074 74-append-changelog-wording.log
  075 75-append-verification-p3c.log
  076 76-aiws-validate-after-evidence.log
  077 77-change-sync-wording.log
  078 78-aiws-validate-resynced.log
  079 79-p3c-idempotent-recheck.log
  081 81-migrate-create.log
  083 83-audit-migration.log
  084 84-probe-block-parentage.log
  085 85-inspect-db.log
  086 86-apply-migration.log
  087 87-apply-migration-rerun-guard.log
  088 88-roundtrip-probe.log
  090 90-wait-cms-ready.log
  091 91-coverage-after-move.log
  092 92-cms-tsc-p4.log
  093 93-projects-check.log
  094 94-import-astro-copy.log
  095 95-endpoint-probe.log
  096 96-parity.log
  097 97-import-rerun-idempotent.log
  098 98-mutate.log
  099 99-parity-negative.log
  100 100-import-restore-after-probe.log
  101 101-parity-after-restore.log
  102 102-endpoint-negatives.log
  103 103-append-verification-p4.log
  104 104-p4-idempotent-recheck.log
  105 105-req0003-p4-sync.log
  106 106-req0003-p4-sync-recheck.log
  107 107-validate-drift-negative.log
  108 108-change-sync-p4.log
  109 109-validate-after-p4-sync.log
  110 110-change-validate-strict-p4.log
  111 111-append-verification-p4b.log
  112 112-p4b-append-missing2.log
  113 113-p4b-idempotent-recheck.log
  114 114-audit-ledger-coverage.log
  115 115-all-appenders-noop-after-keyfix.log
  116 116-audit-ledger-coverage-recheck.log
  117 117-append-verification-p4c.log
  118 118-p4c-idempotent-recheck.log
  119 119-hero-dom-pre.log
  120 120-astro-typecheck-p5.log
  121 121-astro-build-juece-p5.log
  122 122-astro-build-erp-p5.log
  123 123-astro-build-yunque-p5.log
  124 124-hero-dom-diff.log
  125 125-site-id-failfast.log
  127 127-preview-no-site-probe.log
  131 131-astro-build-juece-p5-main.log
  132 132-astro-build-erp-p5-main.log
  133 133-astro-build-yunque-p5-main.log
  134 134-hero-dom-post-and-diff.log
  135 135-render-diff-3.4.log
  138 138-recapture-typecheck.log
  139 139-recapture-parity.log
  140 140-recapture-coverage.log
  141 141-recapture-render-diff.log
  142 142-check-cap-tone.log
  143 143-all-appenders-noop-after-commentfix.log
  144 144-append-verification-p5.log
  145 145-p5-idempotent-recheck.log
  146 146-audit-after-p5.log
  147 147-req0003-p5-sync.log
  148 148-req0003-p5-sync-recheck.log
  149 149-prob024-done.log
  150 150-prob024-done-recheck.log
  151 151-validate-before-p5-sync.log
  152 152-change-validate-strict-p5.log
  157 157-e2e-page-copy.log
  158 158-e2e-lead-only.log
  158 158-lead-diagnose.log
  159 159-e2e-full.log
  162 162-typecheck-post-clientfix.log
  163 163-build-juece-post-clientfix.log
  164 164-build-erp-post-clientfix.log
  165 165-build-yunque-post-clientfix.log
  166 166-build-juece-post-clientfix.log
  167 167-hero-dom-post-and-diff.log
  168 168-render-diff-post-clientfix.log
  170 170-e2e-full-post-clientfix.log
  173 173-client-bundle-gate.log
  174 174-client-bundle-negative.log
  175 175-prob026-append.log
  176 176-prob026-append-recheck.log
  177 177-req0003-p6-sync.log
  178 178-req0003-p6-sync-recheck.log
  179 179-validate-p6.log
  180 180-change-validate-strict-p6.log
  187 187-validate-final-p7.log
  188 188-change-validate-strict-final-p7.log
  191 191-cms-build.log
  193 193-astro-build-juece.log
  194 194-astro-build-erp.log
  195 195-astro-build-yunque.log
  196 196-build-mjs.log
  197 197-client-bundle-gate-postbuild.log
  198 198-parity-postbuild.log
  199 199-render-diff-postbuild.log
  200 200-hero-dom-postbuild.log
  201 201-hero-diff-gate.log
  202 202-hero-diff-negative.log
  203 203-prob027-append.log
  204 204-prob027-append-recheck.log
  205 205-req0003-p8-sync.log
  206 206-req0003-p8-sync-recheck.log
  207 207-req0003-p8-sync-recheck-fixed.log
  208 208-validate-p8.log
  209 209-change-validate-strict-p8.log
  210 210-append-verification-p8.log
  211 211-p8-idempotent-recheck.log
  212 212-audit-after-p8.log
  213 213-append-verification-p8b.log
  214 214-p8b-idempotent-recheck.log
  215 215-audit-after-p8b.log
  216 216-validate-final-p8.log
  217 217-change-validate-strict-final-p8.log
  218 218-append-verification-p8b-final.log
  219 219-p8b-final-recheck.log
  220 220-audit-after-p8b-final.log
  221 221-uncovered-rows.log
  222 222-append-verification-p8c.log
  223 223-p8c-idempotent-recheck.log
  224 224-recount-after-p8c.log
  225 225-audit-after-p8c.log
  226 226-p9-preflight-probe.log
  227 227-negative-build-deadport.log
  228 228-neggate-red.log
  229 229-astro-typecheck-prob028.log
  230 230-neggate-green.log
  231 231-negative-build-deadport-after-fix.log
  232 232-neggate-green-rerun1.log
  233 233-neggate-green-rerun2.log
  234 234-e2e-selfservice-first.log
  235 235-rebuild-selfservice.log
  236 236-restore-pricing-hero.log
  237 237-parity-after-restore.log
  238 238-rebuild-selfservice-rerun.log
  239 239-parity-final-p9.log
  240 240-render-diff-final-p9.log
  241 241-hero-diff-final-p9.log
  242 242-client-bundle-final-p9.log
  243 243-e2e-full-p9.log
  244 244-prob028-append.log
  245 245-prob028-append-recheck.log
  246 246-req0003-p9-sync.log
  247 247-req0003-p9-sync-recheck.log
  248 248-rebuild-erp-p9.log
  249 249-rebuild-yunque-p9.log
  250 250-render-diff-final-p9b.log
  251 251-hero-diff-final-p9b.log
  252 252-client-bundle-final-p9b.log
  253 253-parity-final-p9b.log
  254 254-append-verification-p9.log
  255 255-p9-idempotent-recheck.log
  256 256-audit-after-p9.log
  257 257-recount-after-p9.log
  258 258-validate-p9.log
  259 259-change-validate-strict-p9.log
  268 268-agents9-selfcheck.log
  269 269-apply-project-unique-index.log
  270 270-page-indexes-pre.log
  271 271-migrate-create.log
  272 272-check-index-name-collision.log
  274 274-red-side-duplicate-rejected.log
  275 275-apply-rerun-negative.log
  276 276-tsc-after-p11a.log
  277 277-parity-after-index.log
  278 278-import-no-permission-expect-red.log
  279 279-import-with-permission.log
  280 280-parity-after-import.log
  281 281-page-indexes-post.log
  282 282-e2e-page-copy.log
  283 283-probe-page-home-doc.log
  284 284-e2e-page-copy-run1.log
  285 285-e2e-page-copy-run2-repeat.log
  286 286-parity-after-p11b.log
  287 287-render-diff-after-p11b.log
  288 288-hero-diff-after-p11b.log
  289 289-e2e-page-copy-redside.log
  290 290-e2e-page-copy-run3-revert-verify.log
  291 291-parity-after-redside.log
  292 292-e2e-page-copy-final-run1.log
  293 293-e2e-page-copy-final-run2-repeat.log
  294 294-parity-final.log
  295 295-render-diff-final.log
  296 296-hero-diff-final.log
  297 297-coverage-promoted.log
  298 298-agents9-promoted-limit1000.log
  299 299-agents9-tmp-original-limit1500-recheck.log
  300 300-render-diff-freshness-and-cap-tone.log
  301 301-hero-diff-shared-manifest.log
  302 302-client-bundle-shared-manifest.log
  303 303-dist-freshness-negative-probe.log
  304 304-evidence-archive-run1.log
  305 305-evidence-archive-rerun-idempotent.log
  306 306-evidence-archive-negative-probe.log
  307 307-agents9-final-after-new-scripts.log
  308 308-gitignore-log-negation-probe.log
  309 309-agents9-1000-green.log
  310 310-gate-agents9.log
  310 310-gate-client-bundle.log
  310 310-gate-coverage.log
  310 310-gate-evidence-archive.log
  310 310-gate-hero-diff.log
  310 310-gate-parity.log
  310 310-gate-render-diff.log
  311 311-e2e-pagecopy-lead-decoupled.log
  312 312-parity-after-decouple.log
  313 313-tsc-cms-after-p11.log
  314 314-astro-typecheck-after-p11.log
  315 315-append-verification-p11.log
  316 316-p11-idempotent-recheck.log
  317 317-archive-after-p11.log
  318 318-audit-after-p11.log
  319 319-recount-after-p11.log
  320 320-append-verification-p11b.log
  321 321-p11b-idempotent-recheck.log
  322 322-archive-after-p11b.log
  323 323-audit-after-p11b.log
  324 324-validate-after-p11.log
  325 325-change-validate-strict-p11.log
  326 326-recount-after-p11b.log
  327 327-fix-tasks-shell-damage.log
  329 329-req0003-p11-sync.log
  330 330-req0003-sync-idempotent.log
  331 331-changelog-table-repair.log
  333 333-changelog-repair-idempotent.log
  334 334-append-prob-029-044.log
  335 335-prob-idempotent.log
  336 336-tasks-fix-oneshot-guard.log
  337 337-ledger-note-typo.log
  338 338-ledger-typo-idempotent.log
  339 339-ledger-typo-recheck-fixed-verifier.log
  340 340-doc-claims-audit.log
  341 341-doc-claims-green.log
  342 342-doc-claims-negative-probe.log
  343 343-parity-type-strict-negative.log
  344 344-triage-table-audit-run1-wrong-expectation.log
  344 344-triage-table-audit.log
  345 345-append-verification-p11c.log
  346 346-p11c-idempotent-recheck.log
  347 347-archive-after-p11c.log
  348 348-audit-after-p11c.log
  349 349-recount-after-p11c.log
  350 350-gate-coverage-p11c.log
  351 351-gate-agents9-p11c.log
  352 352-gate-parity-p11c.log
  353 353-gate-archive-p11c.log
  354 354-agents9-lead-scope-negative.log
  355 355-gate-agents9-p11c.log
  356 356-doc-claims-after-p11c.log
  357 357-ledger-canary-repair.log
  358 358-doc-claims-after-canary-repair.log
  359 359-append-verification-p11d.log
  360 360-p11d-idempotent-recheck.log
  361 361-archive-after-p11d.log
  362 362-audit-after-p11d.log
  363 363-recount-after-p11d.log
  364 364-doc-claims-with-B4.log
  365 365-doc-claims-B4-negative.log
  366 366-change-sync.log
  367 367-validate-stamp.log
  368 368-change-validate-strict.log
  369 369-change-validate-evidence-scope.log
  370 370-gate-coverage-final.log
  371 371-gate-agents9-final.log
  372 372-gate-parity-final.log
  373 373-doc-claims-final.log
  374 374-gate-cms-unreachable-final.log
  375 375-build-cms-final.log
  376 376-build-juece-final.log
  377 377-build-erp-final.log
  378 378-build-yunque-final.log
  379 379-gate-render-diff-final.log
  380 380-gate-hero-diff-final.log
  381 381-gate-client-bundle-final.log
  382 382-gate-archive-final.log
  383 383-e2e-full-final.log
  384 384-build-mjs-final.log
  385 385-gate-render-diff-post-buildmjs.log
  386 386-gate-hero-diff-post-buildmjs.log
  387 387-gate-client-bundle-post-buildmjs.log
  388 388-change-sync-final.log
  389 389-validate-stamp-final.log
  390 390-change-validate-strict-final.log
  391 391-change-validate-evidence-scope-final.log
  392 392-append-verification-p12.log
  393 393-archive-after-p12.log
  394 394-audit-after-p12.log
  395 395-recount-after-p12.log
  396 396-p12-idempotent-recheck.log
  397 397-p12-rows-selfcontained-fix.log
  398 398-audit-after-p12fix.log
  399 399-recount-after-p12fix.log
  400 400-doc-claims-after-p12.log
  401 401-tasks-310-sync-p12.log
  402 402-doc-claims-after-401.log
  403 403-change-evidence.log
  404 404-doc-claims-after-checkbox-flips.log
  405 405-change-validate-evidence-scope-after-flips.log
  406 406-append-prob-045.log
  407 407-remove-empty-change-dirs.log
  408 408-advance-req-0003-done.log
  409 409-req-0003-advance-idempotent-recheck.log
  410 410-change-sync-after-4-2.log
  411 411-validate-stamp-after-4-2.log
  412 412-change-validate-strict-after-4-2.log
  413 413-change-validate-evidence-scope-after-4-2.log
  414 414-doc-claims-after-4-2.log
  415 415-verify-bc.log
  416 416-selfcheck-p13-rows.log
台账有行但归档缺字节（提交即丢）=0
归档有字节但台账无行=30
  417 417-append-verification-p13.log
  418 418-p13-idempotent-recheck.log
  419 419-audit-after-p13.log
  420 420-recount-after-p13.log
  421 421-archive-after-p13.log
  422 422-doc-claims-stale-310.log
  423 423-tasks-sync-p13.log
  424 424-doc-claims-after-sync.log
  426 426-fix-p13-note-count.log
  427 427-audit-after-note-fix.log
  428 428-recount-after-note-fix.log
  429 429-archive-after-note-fix.log
  430 430-doc-claims-after-note-fix.log
  431 431-change-sync-terminal.log
  432 432-validate-stamp-terminal.log
  433 433-change-validate-strict-terminal.log
  434 434-change-validate-evidence-scope-terminal.log
  435 435-verify-bc-terminal.log
  436 436-mirror-tail-logs.log
  437 437-audit-final.log
  438 438-recount-final.log
  439 439-doc-claims-final.log
  440 440-archive-final.log
  441 441-change-sync-final.log
  442 442-validate-stamp-final.log
  443 443-change-validate-strict-final.log
  444 444-change-validate-evidence-scope-final.log
  445 445-verify-bc-final.log
  446 446-doc-claims-final2.log
  447 447-mirror-tail-2.log
台账无行且归档无字节（提交即丢，且不在任何账上）=55
  001 01-plan-verify.log
  002 02-validate.log
  003 03-change-sync.log
  004 04-validate.log
  005 05-change-validate-strict.log
  006 06-change-validate-scope.log
  007 07-change-validate-both.log
  008 08-memory-write.log
  009 09-memory-link.log
  010 10-validate-after-memory.log
  021 21-cms-dev.log
  029 29-reextract-final.log
  040 40-tsc-astro.log
  041 41-astro-build-juece.log
  042 42-render-after.log
  045 45-typecheck-astro.log
  046 46-astro-build-p2.log
  047 47-render-after-p2.log
  069 69-append-verification-p2p3.log
  080 80-append-verification-p3d.log
  089 89-cms-dev-restart.log
  126 126-render-text-diff-p5.log
  128 128-astro-typecheck-p5-main.log
  129 129-parity-after-p5.log
  130 130-coverage-after-p5.log
  136 136-prob024-render-proof.log
  137 137-prob024-compiled-selector-proof.log
  153 153-append-verification-p5b.log
  154 154-p5b-idempotent-recheck.log
  155 155-audit-after-p5b.log
  156 156-astro-dev-start.log
  160 160-page-copy-status-recheck.log
  161 161-e2e-tsc.log
  169 169-client-bundle-siteid-probe.log
  171 171-e2e-pagecopy-tsc.log
  172 172-e2e-pagecopy-tsc.log
  181 181-append-verification-p6.log
  182 182-p6-idempotent-recheck.log
  183 183-audit-after-p6.log
  184 184-append-verification-p6-red-green.log
  185 185-p6-idempotent-recheck-2.log
  186 186-audit-after-p6-red-green.log
  189 189-append-verification-p6-final.log
  190 190-audit-final-p7.log
  192 192-cms-dev-restart-after-build.log
  260 260-append-verification-p9b.log
  261 261-p9b-idempotent-recheck.log
  262 262-audit-after-p9b.log
  263 263-recount-after-p9b.log
  264 264-p9b-recheck-after-note-edit.log
  265 265-audit-after-note-edit.log
  266 266-validate-after-ledger.log
  267 267-change-validate-strict-after-ledger.log
  269 269-tsc-before-migration.log
  448 448-audit-logs-missing.log
判定=NEEDS-BACKFILL 问题类合计=55 台账行数=349
audit_missing_exit=1
