{
  "overlay": {
    "cls": "lead-overlay",
    "display": "none",
    "opacity": "1",
    "visibility": "visible"
  },
  "formParent": {
    "cls": "lead-modal",
    "display": "block",
    "opacity": "1",
    "visibility": "visible"
  },
  "form": {
    "cls": "lead-form",
    "display": "flex",
    "opacity": "1",
    "visibility": "visible"
  }
}
pageerror: 缺少 SITE_ID：三站共用这份配置，不给默认站点，缺标识即构建失败（禁兜底）。请通过 apps/astro/package.json 的脚本入口运行（它们用 cross-env SITE_ID=<juece|erp|yunque> 显式赋值）：pnpm astro:dev / astro:build / astro:build:erp / astro:build:yunque；直接调用 astro 时写作 cross-env SITE_ID=juece astro build。
diagnose_exit=0
== 追加复核：同一抛错也进了生产产物（非仅 dev） ==
-rw-r--r-- 1 Administrator 197121 5346 Sep 20 21:39 apps/astro/dist/_astro/Layout.astro_astro_type_script_index_0_lang.C23jtt0R.js
1
grep_site_id_in_dist_exit=0
