
> juece-grow@0.1.0 astro:build:erp F:\juece-grow
> pnpm --filter astro build:erp


> astro@0.1.0 build:erp F:\juece-grow\apps\astro
> cross-env SITE_ID=erp astro build --outDir dist-erp && pagefind --site dist-erp

[2m06:18:01[22m [34m[types][39m Generated [2m61ms[22m
[2m06:18:01[22m [34m[build][39m output: [34m"static"[39m
[2m06:18:01[22m [34m[build][39m mode: [34m"static"[39m
[2m06:18:01[22m [34m[build][39m directory: [34mF:\juece-grow\apps\astro\dist-erp\[39m
[2m06:18:01[22m [34m[build][39m Collecting build info...
[2m06:18:01[22m [34m[build][39m [32m✓ Completed in 110ms.[39m
[2m06:18:01[22m [34m[build][39m Building static entrypoints...
[2m06:18:04[22m [34m[vite][39m [32m✓ built in 2.54s[39m
[2m06:18:04[22m [34m[vite][39m [32m✓ built in 92ms[39m
[2m06:18:04[22m [34m[build][39m Rearranging server assets...

[42m[30m generating static routes [39m[49m
[2m06:18:04[22m   [34m├─[39m [2m/404.html[22m [2m(+14ms)[22m 
[2m06:18:04[22m   [34m├─[39m [2m/articles/zichan-he-waixie-ge-yiban-jindu-he-chengben-dou-jin-xitong/index.html[22m [2m(+42ms)[22m 
[2m06:18:04[22m   [34m├─[39m [2m/articles/baojia-dao-huikuan-yidan-yi-jilu/index.html[22m [2m(+36ms)[22m 
[2m06:18:04[22m   [34m├─[39m [2m/features/index.html[22m [2m(+41ms)[22m 
[2m06:18:04[22m   [34m├─[39m [2m/feed.xml[22m [2m(+33ms)[22m 
[2m06:18:04[22m   [34m├─[39m [2m/pricing/index.html[22m [2m(+25ms)[22m 
[2m06:18:04[22m   [34m├─[39m [2m/privacy/index.html[22m [2m(+4ms)[22m 
[2m06:18:04[22m   [34m├─[39m [2m/robots.txt[22m [2m(+3ms)[22m 
[2m06:18:04[22m   [34m├─[39m [2m/sitemap/index.html[22m [2m(+4ms)[22m 
[2m06:18:04[22m   [34m├─[39m [2m/sitemap.xml[22m [2m(+35ms)[22m 
[2m06:18:04[22m   [34m├─[39m [2m/solutions/index.html[22m [2m(+30ms)[22m 
[2m06:18:04[22m   [34m├─[39m [2m/terms/index.html[22m [2m(+6ms)[22m 
[2m06:18:04[22m   [34m├─[39m [2m/index.html[22m [2m(+60ms)[22m 
[2m06:18:04[22m [32m✓ Completed in 746ms.
[39m
[2m06:18:04[22m [34m[build][39m [32m✓ Completed in 3.48s.[39m
[2m06:18:04[22m [34m[build][39m 10 page(s) built in [1m3.63s[22m
[2m06:18:04[22m [34m[build][39m [1mComplete![22m

Running Pagefind v1.5.2 (Extended)
Running from: "F:\\juece-grow\\apps\\astro"
Source:       "dist-erp"
Output:       "dist-erp\\pagefind"

[Walking source directory]
Found 10 files matching **/*.{html}

[Parsing files]
Found a data-pagefind-body element on the site.
↳ Ignoring pages without this tag.

[Reading languages]
Discovered 1 language: zh-cn

[Building search indexes]
Total: 
  Indexed 1 language
  Indexed 10 pages
  Indexed 948 words
  Indexed 0 filters
  Indexed 0 sorts
Note: Pagefind doesn't support stemming for the language zh-cn. 
Search will still work, but will not match across root words.
Note: Pagefind doesn't support stemming for the language zh-cn. 
Search will still work, but will not match across root words.

Finished in 0.241 seconds
build_erp_exit=0
