改前：裸反引号命中=10 已转义命中=0 sha256=89febbb118ffece2
file:///F:/juece-grow/.aiws/tmp/astro-page-copy-cms/397-p12-rows-selfcontained-fix.mjs:39
  if (rawHits !== 11) throw new Error(`预期 11 处裸反引号，实际 ${rawHits} ⇒ 与根因描述不符，中止`)
                            ^

Error: 预期 11 处裸反引号，实际 10 ⇒ 与根因描述不符，中止
    at file:///F:/juece-grow/.aiws/tmp/astro-page-copy-cms/397-p12-rows-selfcontained-fix.mjs:39:29
    at ModuleJob.run (node:internal/modules/esm/module_job:430:25)
    at async onImport.tracePromise.__proto__ (node:internal/modules/esm/loader:661:26)
    at async asyncRunEntryPointWithESMLoader (node:internal/modules/run_main:101:5)

Node.js v24.14.0
fix_exit=1
改前：裸反引号命中=10 已转义命中=0 sha256=89febbb118ffece2
<anonymous_script>:5
    artifact: `${tmp}/359-append-verification-p11d.log`,
                 ^

ReferenceError: tmp is not defined
    at eval (eval at <anonymous> (file:///F:/juece-grow/.aiws/tmp/astro-page-copy-cms/397-p12-rows-selfcontained-fix.mjs:58:16), <anonymous>:5:18)
    at file:///F:/juece-grow/.aiws/tmp/astro-page-copy-cms/397-p12-rows-selfcontained-fix.mjs:58:16
    at ModuleJob.run (node:internal/modules/esm/module_job:430:25)
    at async onImport.tracePromise.__proto__ (node:internal/modules/esm/loader:661:26)
    at async asyncRunEntryPointWithESMLoader (node:internal/modules/run_main:101:5)

Node.js v24.14.0
fix_exit=1
改前：裸反引号命中=0 已转义命中=10 sha256=ad773a84785378be
判定=已修：无裸反引号残留且 10 处均已转义，本次不写盘（幂等）
fix_exit=0
